// Jest Snapshot v1, https://goo.gl/fbAQLP

exports[`TodoList component matches snapshot 1`] = `
<DocumentFragment>
  <div
    class="TodoList-Main"
  >
    <h1>
      Todo List
    </h1>
    <form
      class="NewTodoForm"
    >
      <label
        for="todo"
      >
        New todo:
      </label>
      <input
        class="NewTodoForm-InpTodo"
        id="todo"
        name="todo"
        type="text"
        value=""
      />
      <button
        class="NewTodoForm-BtnAdd"
      >
        Add New Todo
      </button>
    </form>
    <ul />
  </div>
</DocumentFragment>
`;
